../Core/Src/main.c:118:5:main	40	static
../Core/Src/main.c:239:13:MX_ADC1_Init	48	static
../Core/Src/main.c:308:6:MX_ETH_Init	8	static
../Core/Src/main.c:357:13:MX_TIM2_Init	56	static
../Core/Src/main.c:406:13:MX_TIM3_Init	48	static
../Core/Src/main.c:455:13:MX_TIM4_Init	48	static
../Core/Src/main.c:504:6:MX_USART3_UART_Init	8	static
../Core/Src/main.c:552:13:MX_GPIO_Init	48	static
../Core/Src/main.c:576:7:Calc_Average	24	static
../Core/Src/main.c:584:6:HAL_ADC_ConvCpltCallback	16	static
../Core/Src/main.c:613:6:HAL_TIM_PeriodElapsedCallback	16	static
../Core/Src/main.c:622:6:HAL_GPIO_EXTI_Callback	16	static
../Core/Src/main.c:630:5:__io_putchar	16	static
../Core/Src/main.c:641:6:Error_Handler	4	static,ignoring_inline_asm
